[2026-09-16T19:03:08.899Z] GET http://localhost:8081/ → 200 (36ms, 266530B)
[2026-09-16T19:03:08.948Z] GET http://localhost:8081/_build/@fs/Users/harir/workspace/ecom/web/node_modules/vinxi/runtime/client.js → 200 (13ms, 2471B)
[2026-09-16T19:03:08.948Z] GET http://localhost:8081/_build/@vite/client → 200 (26ms, 182790B)
[2026-09-16T19:03:08.948Z] GET http://localhost:8081/_build/@fs/Users/harir/workspace/ecom/web/src/entry-client.tsx → 200 (22ms, 1492B)
[2026-09-16T19:03:08.962Z] GET http://localhost:8081/_build/node_modules/vinxi/lib/manifest/client-manifest.js?v=27989ea0 → 200 (13ms, 9607B)
[2026-09-16T19:03:08.972Z] GET http://localhost:8081/_build/node_modules/.vinxi/client/deps/solid-js_web.js?v=27989ea0 → 200 (8ms, 9209B)
[2026-09-16T19:03:08.972Z] GET http://localhost:8081/_build/@solid-refresh → 200 (14ms, 59307B)
[2026-09-16T19:03:08.972Z] GET http://localhost:8081/_build/node_modules/@solidjs/start/dist/client/index.jsx?t=1789584915455 → 200 (17ms, 954B)
[2026-09-16T19:03:08.975Z] GET http://localhost:8081/_build/node_modules/vinxi/node_modules/vite/dist/client/env.mjs → 200 (8ms, 4367B)
[2026-09-16T19:03:08.976Z] GET http://localhost:8081/_build/node_modules/vinxi/lib/invariant.js?v=27989ea0 → 200 (15ms, 3136B)
[2026-09-16T19:03:08.976Z] GET http://localhost:8081/_build/node_modules/vinxi/lib/path.js?v=27989ea0 → 200 (15ms, 2039B)
[2026-09-16T19:03:08.980Z] GET http://localhost:8081/_build/node_modules/.vinxi/client/deps/chunk-LOHLXLDJ.js?v=27989ea0 → 200 (12ms, 123213B)
[2026-09-16T19:03:08.980Z] GET http://localhost:8081/_build/node_modules/.vinxi/client/deps/chunk-MZIEKPLJ.js?v=27989ea0 → 200 (13ms, 221141B)
[2026-09-16T19:03:08.980Z] GET http://localhost:8081/_build/node_modules/.vinxi/client/deps/chunk-BUSYA2B4.js?v=27989ea0 → 200 (13ms, 1365B)
[2026-09-16T19:03:08.987Z] GET http://localhost:8081/_build/node_modules/.vinxi/client/deps/solid-js.js?v=27989ea0 → 200 (7ms, 6651B)
[2026-09-16T19:03:08.989Z] GET http://localhost:8081/_build/node_modules/vinxi/runtime/client.js?v=27989ea0 → 200 (7ms, 2471B)
[2026-09-16T19:03:08.989Z] GET http://localhost:8081/_build/node_modules/@solidjs/start/dist/client/StartClient.jsx?t=1789584915455 → 200 (13ms, 2884B)
[2026-09-16T19:03:08.989Z] GET http://localhost:8081/_build/node_modules/@solidjs/start/dist/client/mount.js?v=27989ea0 → 200 (15ms, 14303B)
[2026-09-16T19:03:08.991Z] GET http://localhost:8081/_build/node_modules/vinxi/node_modules/pathe/dist/index.mjs?v=27989ea0 → 200 (13ms, 1887B)
[2026-09-16T19:03:09.003Z] GET http://localhost:8081/_build/src/app.tsx → 200 (2ms, 3339B)
[2026-09-16T19:03:09.003Z] GET http://localhost:8081/_build/node_modules/@solidjs/start/dist/shared/ErrorBoundary.jsx → 200 (5ms, 6380B)
[2026-09-16T19:03:09.004Z] GET http://localhost:8081/_build/node_modules/.vinxi/client/deps/solid-js_store.js?v=27989ea0 → 200 (5ms, 70654B)
[2026-09-16T19:03:09.005Z] GET http://localhost:8081/_build/node_modules/vinxi/node_modules/pathe/dist/shared/pathe.ff20891b.mjs?v=27989ea0 → 200 (5ms, 38130B)
[2026-09-16T19:03:09.007Z] GET http://localhost:8081/_build/node_modules/@solidjs/meta/dist/index.jsx → 200 (9ms, 25688B)
[2026-09-16T19:03:09.008Z] GET http://localhost:8081/_build/node_modules/@solidjs/router/dist/index.jsx → 200 (2ms, 2197B)
[2026-09-16T19:03:09.008Z] GET http://localhost:8081/_build/node_modules/@solidjs/start/dist/router/index.jsx?t=1789584915455 → 200 (4ms, 590B)
[2026-09-16T19:03:09.008Z] GET http://localhost:8081/_build/src/app.css → 200 (5ms, 3650B)
[2026-09-16T19:03:09.008Z] GET http://localhost:8081/_build/node_modules/@solidjs/start/dist/shared/HttpStatusCode.jsx → 200 (8ms, 2220B)
[2026-09-16T19:03:09.009Z] GET http://localhost:8081/_build/node_modules/@solidjs/start/dist/shared/dev-overlay/index.jsx → 200 (16ms, 5912B)
[2026-09-16T19:03:09.010Z] GET http://localhost:8081/_build/node_modules/@solidjs/router/dist/routers/index.js?v=27989ea0 → 200 (11ms, 1661B)
[2026-09-16T19:03:09.010Z] GET http://localhost:8081/_build/node_modules/@solidjs/router/dist/components.jsx → 200 (16ms, 8247B)
[2026-09-16T19:03:09.010Z] GET http://localhost:8081/_build/node_modules/@solidjs/router/dist/lifecycle.js?v=27989ea0 → 200 (16ms, 8523B)
[2026-09-16T19:03:09.010Z] GET http://localhost:8081/_build/node_modules/@solidjs/router/dist/routing.js?v=27989ea0 → 200 (16ms, 75017B)
[2026-09-16T19:03:09.012Z] GET http://localhost:8081/_build/node_modules/@solidjs/router/dist/utils.js?v=27989ea0 → 200 (16ms, 26988B)
[2026-09-16T19:03:09.012Z] GET http://localhost:8081/_build/node_modules/@solidjs/router/dist/data/index.js?v=27989ea0 → 200 (16ms, 1511B)
[2026-09-16T19:03:09.013Z] GET http://localhost:8081/_build/node_modules/@solidjs/start/dist/router/FileRoutes.js?t=1789584915455&v=27989ea0 → 200 (17ms, 5298B)
[2026-09-16T19:03:09.022Z] GET http://localhost:8081/_build/node_modules/@solidjs/router/dist/routers/components.jsx?v=27989ea0 → 200 (8ms, 19196B)
[2026-09-16T19:03:09.023Z] GET http://localhost:8081/_build/node_modules/@solidjs/router/dist/routers/createRouter.js?v=27989ea0 → 200 (8ms, 6405B)
[2026-09-16T19:03:09.024Z] GET http://localhost:8081/_build/node_modules/@solidjs/router/dist/routers/Router.js?v=27989ea0 → 200 (8ms, 9984B)
[2026-09-16T19:03:09.024Z] GET http://localhost:8081/_build/node_modules/@solidjs/router/dist/routers/HashRouter.js?v=27989ea0 → 200 (8ms, 7789B)
[2026-09-16T19:03:09.024Z] GET http://localhost:8081/_build/node_modules/@solidjs/router/dist/routers/MemoryRouter.js?v=27989ea0 → 200 (8ms, 7616B)
[2026-09-16T19:03:09.024Z] GET http://localhost:8081/_build/node_modules/@solidjs/router/dist/routers/StaticRouter.js?v=27989ea0 → 200 (9ms, 2411B)
[2026-09-16T19:03:09.026Z] GET http://localhost:8081/_build/node_modules/@solidjs/start/dist/shared/clientOnly.jsx → 200 (8ms, 3988B)
[2026-09-16T19:03:09.030Z] GET http://localhost:8081/_build/node_modules/@solidjs/router/dist/data/createAsync.js?v=27989ea0 → 200 (4ms, 11311B)
[2026-09-16T19:03:09.030Z] GET http://localhost:8081/_build/node_modules/@solidjs/router/dist/data/action.js?v=27989ea0 → 200 (4ms, 23921B)
[2026-09-16T19:03:09.030Z] GET http://localhost:8081/_build/node_modules/@solidjs/router/dist/data/query.js?v=27989ea0 → 200 (5ms, 31286B)
[2026-09-16T19:03:09.030Z] GET http://localhost:8081/_build/node_modules/@solidjs/router/dist/data/response.js?v=27989ea0 → 200 (10ms, 5735B)
[2026-09-16T19:03:09.030Z] GET http://localhost:8081/_build/node_modules/@solidjs/start/dist/router/lazyRoute.js?v=27989ea0 → 200 (10ms, 10444B)
[2026-09-16T19:03:09.030Z] GET http://localhost:8081/_build/node_modules/@solidjs/start/dist/router/routes.js?t=1789584915455&v=27989ea0 → 200 (21ms, 10534B)
[2026-09-16T19:03:09.032Z] GET http://localhost:8081/_build/node_modules/@solidjs/router/dist/data/events.js?v=27989ea0 → 200 (20ms, 20730B)
[2026-09-16T19:03:09.032Z] GET http://localhost:8081/_build/node_modules/@solidjs/router/dist/routers/scrollRestoration.js?v=27989ea0 → 200 (40ms, 13276B)
[2026-09-16T19:03:09.040Z] GET http://localhost:8081/_build/node_modules/vinxi/runtime/style.js?v=27989ea0 → 200 (33ms, 8493B)
[2026-09-16T19:03:09.040Z] GET http://localhost:8081/_build/node_modules/@solidjs/start/dist/server/renderAsset.jsx?v=27989ea0 → 200 (33ms, 4924B)
[2026-09-16T19:03:09.072Z] GET http://localhost:8081/_build/node_modules/radix3/dist/index.mjs?v=27989ea0 → 200 (53ms, 42257B)
[2026-09-16T19:03:09.072Z] GET http://localhost:8081/_build/@id/vinxi/routes?t=1789584915455 → 200 (53ms, 5331B)
[2026-09-16T19:03:09.148Z] GET http://localhost:8081/_build/@fs/Users/harir/workspace/ecom/web/src/routes/index.tsx?import&pick=default&pick=$css → 200 (1ms, 9565B)
[2026-09-16T19:03:09.149Z] GET http://localhost:8081/_build/src/components/EntityPanel.tsx?t=1789585087732 → 200 (?ms, 18621B)
[2026-09-16T19:03:09.149Z] GET http://localhost:8081/_build/src/lib/api.ts?t=1789585087732 → 200 (?ms, 5559B)
[2026-09-16T19:03:09.151Z] GET http://localhost:8081/_build/@manifest/client/1789585389149/assets?import&id=/Users/harir/workspace/ecom/web/src/routes/index.tsx?pick=default&pick=$css → 200 (42ms, 241B)
[2026-09-16T19:03:39.773Z] GET http://localhost:8081/api/orders?page=2&page_size=50 → 200 (?ms, 11019B)
[2026-09-16T19:03:40.978Z] GET http://localhost:8081/api/orders?page=1&page_size=50 → 200 (16ms, 11004B)
[2026-09-16T19:05:13.080Z] GET http://localhost:8081/api/shipments?page=2&page_size=50 → 200 (11ms, 11370B)
